Archive member included to satisfy reference by file (symbol)

/opt/gcc-arm/bin/../lib/gcc/arm-none-eabi/10.3.1/../../../../arm-none-eabi/lib/thumb/v7-m/nofp/libc.a(lib_a-ctype_.o)
                              main.o (_ctype_)
/opt/gcc-arm/bin/../lib/gcc/arm-none-eabi/10.3.1/../../../../arm-none-eabi/lib/thumb/v7-m/nofp/libc.a(lib_a-malloc.o)
                              uartlib.o (malloc)
/opt/gcc-arm/bin/../lib/gcc/arm-none-eabi/10.3.1/../../../../arm-none-eabi/lib/thumb/v7-m/nofp/libc.a(lib_a-mallocr.o)
                              /opt/gcc-arm/bin/../lib/gcc/arm-none-eabi/10.3.1/../../../../arm-none-eabi/lib/thumb/v7-m/nofp/libc.a(lib_a-malloc.o) (_malloc_r)
/opt/gcc-arm/bin/../lib/gcc/arm-none-eabi/10.3.1/../../../../arm-none-eabi/lib/thumb/v7-m/nofp/libc.a(lib_a-memcpy.o)
                              rtos/queue.o (memcpy)
/opt/gcc-arm/bin/../lib/gcc/arm-none-eabi/10.3.1/../../../../arm-none-eabi/lib/thumb/v7-m/nofp/libc.a(lib_a-mlock.o)
                              /opt/gcc-arm/bin/../lib/gcc/arm-none-eabi/10.3.1/../../../../arm-none-eabi/lib/thumb/v7-m/nofp/libc.a(lib_a-mallocr.o) (__malloc_lock)
/opt/gcc-arm/bin/../lib/gcc/arm-none-eabi/10.3.1/../../../../arm-none-eabi/lib/thumb/v7-m/nofp/libc.a(lib_a-sbrkr.o)
                              /opt/gcc-arm/bin/../lib/gcc/arm-none-eabi/10.3.1/../../../../arm-none-eabi/lib/thumb/v7-m/nofp/libc.a(lib_a-mallocr.o) (_sbrk_r)
/opt/gcc-arm/bin/../lib/gcc/arm-none-eabi/10.3.1/../../../../arm-none-eabi/lib/thumb/v7-m/nofp/libc.a(lib_a-strchr.o)
                              main.o (strchr)
/opt/gcc-arm/bin/../lib/gcc/arm-none-eabi/10.3.1/../../../../arm-none-eabi/lib/thumb/v7-m/nofp/libc.a(lib_a-freer.o)
                              /opt/gcc-arm/bin/../lib/gcc/arm-none-eabi/10.3.1/../../../../arm-none-eabi/lib/thumb/v7-m/nofp/libc.a(lib_a-malloc.o) (_free_r)
/opt/gcc-arm/bin/../lib/gcc/arm-none-eabi/10.3.1/../../../../arm-none-eabi/lib/thumb/v7-m/nofp/libc.a(lib_a-impure.o)
                              /opt/gcc-arm/bin/../lib/gcc/arm-none-eabi/10.3.1/../../../../arm-none-eabi/lib/thumb/v7-m/nofp/libc.a(lib_a-malloc.o) (_impure_ptr)
/opt/gcc-arm/bin/../lib/gcc/arm-none-eabi/10.3.1/../../../../arm-none-eabi/lib/thumb/v7-m/nofp/libc.a(lib_a-lock.o)
                              /opt/gcc-arm/bin/../lib/gcc/arm-none-eabi/10.3.1/../../../../arm-none-eabi/lib/thumb/v7-m/nofp/libc.a(lib_a-mlock.o) (__retarget_lock_acquire_recursive)
/opt/gcc-arm/bin/../lib/gcc/arm-none-eabi/10.3.1/../../../../arm-none-eabi/lib/thumb/v7-m/nofp/libc.a(lib_a-reent.o)
                              /opt/gcc-arm/bin/../lib/gcc/arm-none-eabi/10.3.1/../../../../arm-none-eabi/lib/thumb/v7-m/nofp/libc.a(lib_a-sbrkr.o) (errno)
/opt/gcc-arm/bin/../lib/gcc/arm-none-eabi/10.3.1/../../../../arm-none-eabi/lib/thumb/v7-m/nofp/libnosys.a(sbrk.o)
                              /opt/gcc-arm/bin/../lib/gcc/arm-none-eabi/10.3.1/../../../../arm-none-eabi/lib/thumb/v7-m/nofp/libc.a(lib_a-sbrkr.o) (_sbrk)
/home/praveen/stm//rtos/libwwg/libwwg.a(miniprintf.o)
                              uartlib.o (mini_vprintf_cooked)
/home/praveen/stm//rtos/libwwg/libwwg.a(mcuio.o)
                              main.o (std_printf)
/home/praveen/stm//rtos/libwwg/libwwg.a(getline.o)
                              uartlib.o (getline)
/home/praveen/stm//rtos/libwwg/libwwg.a(intelhex.o)
                              main.o (ihex_init)
/home/praveen/stm//rtos/libwwg/libwwg.a(usbcdc.o)
                              /home/praveen/stm//rtos/libwwg/libwwg.a(mcuio.o) (usb_putc)
/home/praveen/stm/libopencm3/lib/libopencm3_stm32f1.a(gpio.o)
                              main.o (gpio_set_mode)
/home/praveen/stm/libopencm3/lib/libopencm3_stm32f1.a(gpio_common_all.o)
                              main.o (gpio_set)
/home/praveen/stm/libopencm3/lib/libopencm3_stm32f1.a(rcc.o)
                              main.o (rcc_clock_setup_pll)
/home/praveen/stm/libopencm3/lib/libopencm3_stm32f1.a(rcc_common_all.o)
                              main.o (rcc_periph_clock_enable)
/home/praveen/stm/libopencm3/lib/libopencm3_stm32f1.a(spi_common_all.o)
                              main.o (spi_enable)
/home/praveen/stm/libopencm3/lib/libopencm3_stm32f1.a(spi_common_v1.o)
                              main.o (spi_init_master)
/home/praveen/stm/libopencm3/lib/libopencm3_stm32f1.a(usart_common_all.o)
                              uartlib.o (usart_set_baudrate)
/home/praveen/stm/libopencm3/lib/libopencm3_stm32f1.a(usart_common_f124.o)
                              /home/praveen/stm/libopencm3/lib/libopencm3_stm32f1.a(usart_common_all.o) (usart_send)
/home/praveen/stm/libopencm3/lib/libopencm3_stm32f1.a(usb.o)
                              /home/praveen/stm//rtos/libwwg/libwwg.a(usbcdc.o) (usbd_init)
/home/praveen/stm/libopencm3/lib/libopencm3_stm32f1.a(usb_control.o)
                              /home/praveen/stm//rtos/libwwg/libwwg.a(usbcdc.o) (usbd_register_control_callback)
/home/praveen/stm/libopencm3/lib/libopencm3_stm32f1.a(usb_standard.o)
[...]
Memory Configuration

Name             Origin             Length             Attributes
rom              0x0000000008000000 0x0000000000010000 xr
ram              0x0000000020000000 0x0000000000005000 xrw
*default*        0x0000000000000000 0xffffffffffffffff

Linker script and memory map

LOAD main.o
LOAD uartlib.o
LOAD rtos/heap_4.o
LOAD rtos/list.o
LOAD rtos/port.o
LOAD rtos/queue.o
LOAD rtos/tasks.o
LOAD rtos/opencm3.o
START GROUP
LOAD /opt/gcc-arm/bin/../lib/gcc/arm-none-eabi/10.3.1/../../../../arm-none-eabi/lib/thumb/v7-m/nofp/libc.a
LOAD /opt/gcc-arm/bin/../lib/gcc/arm-none-eabi/10.3.1/thumb/v7-m/nofp/libgcc.a
LOAD /opt/gcc-arm/bin/../lib/gcc/arm-none-eabi/10.3.1/../../../../arm-none-eabi/lib/thumb/v7-m/nofp/libnosys.a
END GROUP
LOAD /home/praveen/stm//rtos/libwwg/libwwg.a
LOAD /home/praveen/stm/libopencm3/lib/libopencm3_stm32f1.a
START GROUP
LOAD /opt/gcc-arm/bin/../lib/gcc/arm-none-eabi/10.3.1/thumb/v7-m/nofp/libgcc.a
LOAD /opt/gcc-arm/bin/../lib/gcc/arm-none-eabi/10.3.1/../../../../arm-none-eabi/lib/thumb/v7-m/nofp/libc.a
END GROUP
START GROUP
LOAD /opt/gcc-arm/bin/../lib/gcc/arm-none-eabi/10.3.1/thumb/v7-m/nofp/libgcc.a
LOAD /opt/gcc-arm/bin/../lib/gcc/arm-none-eabi/10.3.1/../../../../arm-none-eabi/lib/thumb/v7-m/nofp/libc.a
LOAD /opt/gcc-arm/bin/../lib/gcc/arm-none-eabi/10.3.1/../../../../arm-none-eabi/lib/thumb/v7-m/nofp/libnosys.a
END GROUP

.text           0x0000000008000000     0x3e74
 *(.vectors)
 .vectors       0x0000000008000000      0x150 /home/praveen/stm/libopencm3/lib/libopencm3_stm32f1.a(vector.o)
                0x0000000008000000                vector_table
 *(.text*)
 .text.w25_read_sr1.constprop.0
                0x0000000008000150       0x2c main.o
 .text.w25_wait.constprop.0
                0x000000000800017c       0x22 main.o
 *fill*         0x000000000800019e        0x2 
 .text.w25_write_en.constprop.0
                0x00000000080001a0       0x30 main.o
 .text.w25_read_data.constprop.0
                0x00000000080001d0       0x68 main.o
 .text.w25_is_wprotect.constprop.0
                0x0000000008000238       0x14 main.o
 .text.w25_write_data.constprop.0
                0x000000000800024c       0x94 main.o
 .text.w25_erase_block.constprop.0
                0x00000000080002e0       0x98 main.o
 .text.flash_status
                0x0000000008000378       0x58 main.o
 .text.std_getc
                0x00000000080003d0        0xc main.o
 .text.std_puts
                0x00000000080003dc        0xc main.o
 .text.std_putc
                0x00000000080003e8        0xc main.o
 .text.load_ihex.constprop.0
                0x00000000080003f4      0x118 main.o
 .text.monitor_task
                0x000000000800050c      0x5c8 main.o
 .text.startup.main
                0x0000000008000ad4      0x108 main.o
                0x0000000008000ad4                main
 .text.uart_common_isr
                0x0000000008000bdc       0x44 uartlib.o
 .text.usart1_isr
                0x0000000008000c20        0x6 uartlib.o
                0x0000000008000c20                usart1_isr
 .text.usart2_isr
                0x0000000008000c26        0x6 uartlib.o
                0x0000000008000c26                usart2_isr
 .text.usart3_isr
                0x0000000008000c2c        0x6 uartlib.o
                0x0000000008000c2c                usart3_isr
 *fill*         0x0000000008000c32        0x2 
 .text.open_uart
                0x0000000008000c34      0x148 uartlib.o
                0x0000000008000c34                open_uart
 .text.putc_uart
                0x0000000008000d7c       0x34 uartlib.o
                0x0000000008000d7c                putc_uart
 .text.uart1_putc
                0x0000000008000db0       0x1c uartlib.o
                0x0000000008000db0                uart1_putc
 .text.uart2_putc
                0x0000000008000dcc       0x1c uartlib.o
                0x0000000008000dcc                uart2_putc
 .text.uart3_putc
                0x0000000008000de8       0x1c uartlib.o
                0x0000000008000de8                uart3_putc
 .text.write_uart
                0x0000000008000e04       0x44 uartlib.o
                0x0000000008000e04                write_uart
 .text.puts_uart
                0x0000000008000e48       0x40 uartlib.o
                0x0000000008000e48                puts_uart
 .text.getc_uart_nb
                0x0000000008000e88       0x34 uartlib.o
                0x0000000008000e88                getc_uart_nb
 .text.getc_uart
                0x0000000008000ebc       0x4c uartlib.o
                0x0000000008000ebc                getc_uart
 .text.uart1_getc
                0x0000000008000f08        0xa uartlib.o
                0x0000000008000f08                uart1_getc
 .text.uart2_getc
                0x0000000008000f12        0xa uartlib.o
                0x0000000008000f12                uart2_getc
 .text.uart3_getc
                0x0000000008000f1c        0xa uartlib.o
                0x0000000008000f1c                uart3_getc
 *fill*         0x0000000008000f26        0x2 
 .text.getline_uart
                0x0000000008000f28       0x20 uartlib.o
                0x0000000008000f28                getline_uart
 .text.uart1_puts
                0x0000000008000f48        0x8 uartlib.o
                0x0000000008000f48                uart1_puts
 .text.uart1_vprintf
                0x0000000008000f50       0x10 uartlib.o
                0x0000000008000f50                uart1_vprintf
 .text.uart1_peek
                0x0000000008000f60        0x6 uartlib.o
                0x0000000008000f60                uart1_peek
 .text.uart1_gets
                0x0000000008000f66        0xa uartlib.o
                0x0000000008000f66                uart1_gets
 .text.uart1_write
                0x0000000008000f70        0xa uartlib.o
                0x0000000008000f70                uart1_write
 .text.uart1_getline
                0x0000000008000f7a        0x4 uartlib.o
                0x0000000008000f7a                uart1_getline
 *fill*         0x0000000008000f7e        0x2 
 .text.prvInsertBlockIntoFreeList
                0x0000000008000f80       0x48 rtos/heap_4.o
 .text.pvPortMalloc
                0x0000000008000fc8       0xf4 rtos/heap_4.o
                0x0000000008000fc8                pvPortMalloc
 .text.vPortFree
                0x00000000080010bc       0x4c rtos/heap_4.o
                0x00000000080010bc                vPortFree
 .text.vListInitialise
                0x0000000008001108       0x16 rtos/list.o
                0x0000000008001108                vListInitialise
 .text.vListInitialiseItem
                0x000000000800111e        0x6 rtos/list.o
                0x000000000800111e                vListInitialiseItem
 .text.vListInsertEnd
                0x0000000008001124       0x18 rtos/list.o
                0x0000000008001124                vListInsertEnd
 .text.vListInsert
                0x000000000800113c       0x2e rtos/list.o
                0x000000000800113c                vListInsert
 .text.uxListRemove
                0x000000000800116a       0x1e rtos/list.o
                0x000000000800116a                uxListRemove
 .text.prvTaskExitError
                0x0000000008001188       0x12 rtos/port.o
 *fill*         0x000000000800119a        0x2 
 .text.prvPortStartFirstTask
                0x000000000800119c       0x20 rtos/port.o
 .text.pxPortInitialiseStack
                0x00000000080011bc       0x24 rtos/port.o
                0x00000000080011bc                pxPortInitialiseStack
 .text.vPortSVCHandler
                0x00000000080011e0       0x24 rtos/port.o
                0x00000000080011e0                vPortSVCHandler
 .text.vPortEnterCritical
                0x0000000008001204       0x20 rtos/port.o
                0x0000000008001204                vPortEnterCritical
 .text.vPortExitCritical
                0x0000000008001224       0x14 rtos/port.o
                0x0000000008001224                vPortExitCritical
 *fill*         0x0000000008001238        0x8 
 .text.xPortPendSVHandler
                0x0000000008001240       0x44 rtos/port.o
                0x0000000008001240                xPortPendSVHandler
 .text.xPortSysTickHandler
                0x0000000008001284       0x2c rtos/port.o
                0x0000000008001284                xPortSysTickHandler
 .text.vPortSetupTimerInterrupt
                0x00000000080012b0       0x10 rtos/port.o
                0x00000000080012b0                vPortSetupTimerInterrupt
 .text.xPortStartScheduler
                0x00000000080012c0       0x34 rtos/port.o
                0x00000000080012c0                xPortStartScheduler
 .text.prvCopyDataToQueue
                0x00000000080012f4       0x6a rtos/queue.o
 .text.prvCopyDataFromQueue
                0x000000000800135e       0x28 rtos/queue.o
 .text.prvUnlockQueue
                0x0000000008001386       0x70 rtos/queue.o
 .text.xQueueGenericSend
                0x00000000080013f6      0x104 rtos/queue.o
                0x00000000080013f6                xQueueGenericSend
 .text.xQueueGenericReceive
                0x00000000080014fa      0x138 rtos/queue.o
                0x00000000080014fa                xQueueGenericReceive
 *fill*         0x0000000008001632        0x2 
 .text.prvAddCurrentTaskToDelayedList
                0x0000000008001634       0x88 rtos/tasks.o
 .text.prvResetNextTaskUnblockTime
                0x00000000080016bc       0x24 rtos/tasks.o
 .text.xTaskCreate
                0x00000000080016e0      0x198 rtos/tasks.o
                0x00000000080016e0                xTaskCreate
 .text.vTaskStartScheduler
                0x0000000008001878       0x60 rtos/tasks.o
                0x0000000008001878                vTaskStartScheduler
 .text.vTaskSuspendAll
                0x00000000080018d8       0x10 rtos/tasks.o
                0x00000000080018d8                vTaskSuspendAll
 .text.xTaskIncrementTick
                0x00000000080018e8      0x10c rtos/tasks.o
                0x00000000080018e8                xTaskIncrementTick
 .text.xTaskResumeAll
                0x00000000080019f4       0xd8 rtos/tasks.o
                0x00000000080019f4                xTaskResumeAll
 .text.vTaskDelay
                0x0000000008001acc       0x2e rtos/tasks.o
                0x0000000008001acc                vTaskDelay
 *fill*         0x0000000008001afa        0x2 
 .text.prvIdleTask
                0x0000000008001afc       0x74 rtos/tasks.o
 .text.vTaskSwitchContext
                0x0000000008001b70       0x60 rtos/tasks.o
                0x0000000008001b70                vTaskSwitchContext
 .text.vTaskPlaceOnEventList
                0x0000000008001bd0       0x20 rtos/tasks.o
                0x0000000008001bd0                vTaskPlaceOnEventList
 .text.xTaskRemoveFromEventList
                0x0000000008001bf0       0x70 rtos/tasks.o
                0x0000000008001bf0                xTaskRemoveFromEventList
 .text.vTaskSetTimeOutState
                0x0000000008001c60       0x18 rtos/tasks.o
                0x0000000008001c60                vTaskSetTimeOutState
 .text.xTaskCheckForTimeOut
                0x0000000008001c78       0x4c rtos/tasks.o
                0x0000000008001c78                xTaskCheckForTimeOut
 .text.vTaskMissedYield
                0x0000000008001cc4        0xc rtos/tasks.o
                0x0000000008001cc4                vTaskMissedYield
 .text.vTaskPriorityInherit
                0x0000000008001cd0       0x94 rtos/tasks.o
                0x0000000008001cd0                vTaskPriorityInherit
 .text.xTaskPriorityDisinherit
                0x0000000008001d64       0x70 rtos/tasks.o
                0x0000000008001d64                xTaskPriorityDisinherit
 .text.pvTaskIncrementMutexHeldCount
                0x0000000008001dd4       0x18 rtos/tasks.o
                0x0000000008001dd4                pvTaskIncrementMutexHeldCount
 .text.sv_call_handler
                0x0000000008001dec        0x4 rtos/opencm3.o
                0x0000000008001dec                sv_call_handler
 .text.pend_sv_handler
                0x0000000008001df0        0x4 rtos/opencm3.o
                0x0000000008001df0                pend_sv_handler
 .text.sys_tick_handler
                0x0000000008001df4        0x4 rtos/opencm3.o
                0x0000000008001df4                sys_tick_handler
 .text.malloc   0x0000000008001df8       0x10 /opt/gcc-arm/bin/../lib/gcc/arm-none-eabi/10.3.1/../../../../arm-none-eabi/lib/thumb/v7-m/nofp/libc.a(lib_a-malloc.o)
                0x0000000008001df8                malloc
 .text._malloc_r
                0x0000000008001e08      0x558 /opt/gcc-arm/bin/../lib/gcc/arm-none-eabi/10.3.1/../../../../arm-none-eabi/lib/thumb/v7-m/nofp/libc.a(lib_a-mallocr.o)
                0x0000000008001e08                _malloc_r
 .text          0x0000000008002360       0xec /opt/gcc-arm/bin/../lib/gcc/arm-none-eabi/10.3.1/../../../../arm-none-eabi/lib/thumb/v7-m/nofp/libc.a(lib_a-memcpy.o)
                0x0000000008002360                memcpy
 .text.__malloc_lock
                0x000000000800244c        0xc /opt/gcc-arm/bin/../lib/gcc/arm-none-eabi/10.3.1/../../../../arm-none-eabi/lib/thumb/v7-m/nofp/libc.a(lib_a-mlock.o)
                0x000000000800244c                __malloc_lock
 .text.__malloc_unlock
                0x0000000008002458        0xc /opt/gcc-arm/bin/../lib/gcc/arm-none-eabi/10.3.1/../../../../arm-none-eabi/lib/thumb/v7-m/nofp/libc.a(lib_a-mlock.o)
                0x0000000008002458                __malloc_unlock
 .text._sbrk_r  0x0000000008002464       0x24 /opt/gcc-arm/bin/../lib/gcc/arm-none-eabi/10.3.1/../../../../arm-none-eabi/lib/thumb/v7-m/nofp/libc.a(lib_a-sbrkr.o)
                0x0000000008002464                _sbrk_r
 .text.strchr   0x0000000008002488       0xcc /opt/gcc-arm/bin/../lib/gcc/arm-none-eabi/10.3.1/../../../../arm-none-eabi/lib/thumb/v7-m/nofp/libc.a(lib_a-strchr.o)
                0x0000000008002488                strchr
 .text._malloc_trim_r
                0x0000000008002554       0xa0 /opt/gcc-arm/bin/../lib/gcc/arm-none-eabi/10.3.1/../../../../arm-none-eabi/lib/thumb/v7-m/nofp/libc.a(lib_a-freer.o)
                0x0000000008002554                _malloc_trim_r
 .text._free_r  0x00000000080025f4      0x200 /opt/gcc-arm/bin/../lib/gcc/arm-none-eabi/10.3.1/../../../../arm-none-eabi/lib/thumb/v7-m/nofp/libc.a(lib_a-freer.o)
                0x00000000080025f4                _free_r
 .text.__retarget_lock_acquire_recursive
                0x00000000080027f4        0x4 /opt/gcc-arm/bin/../lib/gcc/arm-none-eabi/10.3.1/../../../../arm-none-eabi/lib/thumb/v7-m/nofp/libc.a(lib_a-lock.o)
                0x00000000080027f4                __retarget_lock_acquire_recursive
 .text.__retarget_lock_release_recursive
                0x00000000080027f8        0x4 /opt/gcc-arm/bin/../lib/gcc/arm-none-eabi/10.3.1/../../../../arm-none-eabi/lib/thumb/v7-m/nofp/libc.a(lib_a-lock.o)
                0x00000000080027f8                __retarget_lock_release_recursive
 .text._sbrk    0x00000000080027fc       0x1c /opt/gcc-arm/bin/../lib/gcc/arm-none-eabi/10.3.1/../../../../arm-none-eabi/lib/thumb/v7-m/nofp/libnosys.a(sbrk.o)
                0x00000000080027fc                _sbrk
 .text.mini_write
                0x0000000008002818       0x16 /home/praveen/stm//rtos/libwwg/libwwg.a(miniprintf.o)
 .text.mini_putc
                0x000000000800282e       0x2a /home/praveen/stm//rtos/libwwg/libwwg.a(miniprintf.o)
 .text.mini_pad
                0x0000000008002858       0x24 /home/praveen/stm//rtos/libwwg/libwwg.a(miniprintf.o)
 .text.internal_vprintf
                0x000000000800287c      0x1f0 /home/praveen/stm//rtos/libwwg/libwwg.a(miniprintf.o)
 .text.mini_vprintf_cooked
                0x0000000008002a6c       0x30 /home/praveen/stm//rtos/libwwg/libwwg.a(miniprintf.o)
                0x0000000008002a6c                mini_vprintf_cooked
 .text.std_printf
                0x0000000008002a9c       0x24 /home/praveen/stm//rtos/libwwg/libwwg.a(mcuio.o)
                0x0000000008002a9c                std_printf
 .text.getline  0x0000000008002ac0      0x18e /home/praveen/stm//rtos/libwwg/libwwg.a(getline.o)
                0x0000000008002ac0                getline
 .text.to_hex   0x0000000008002c4e       0x44 /home/praveen/stm//rtos/libwwg/libwwg.a(intelhex.o)
 .text.ihex_init
                0x0000000008002c92        0x8 /home/praveen/stm//rtos/libwwg/libwwg.a(intelhex.o)
                0x0000000008002c92                ihex_init
 .text.ihex_parse
                0x0000000008002c9a       0xba /home/praveen/stm//rtos/libwwg/libwwg.a(intelhex.o)
                0x0000000008002c9a                ihex_parse
 .text.usb_putc
                0x0000000008002d54       0x5c /home/praveen/stm//rtos/libwwg/libwwg.a(usbcdc.o)
                0x0000000008002d54                usb_putc
 .text.usb_getc
                0x0000000008002db0       0x2c /home/praveen/stm//rtos/libwwg/libwwg.a(usbcdc.o)
                0x0000000008002db0                usb_getc
 .text.usb_puts
                0x0000000008002ddc       0x12 /home/praveen/stm//rtos/libwwg/libwwg.a(usbcdc.o)
                0x0000000008002ddc                usb_puts
 *fill*         0x0000000008002dee        0x2 
 .text.usb_vprintf
                0x0000000008002df0       0x10 /home/praveen/stm//rtos/libwwg/libwwg.a(usbcdc.o)
                0x0000000008002df0                usb_vprintf
 .text.usb_write
                0x0000000008002e00       0x24 /home/praveen/stm//rtos/libwwg/libwwg.a(usbcdc.o)
                0x0000000008002e00                usb_write
 .text.usb_peek
                0x0000000008002e24       0x28 /home/praveen/stm//rtos/libwwg/libwwg.a(usbcdc.o)
                0x0000000008002e24                usb_peek
 .text.usb_gets
                0x0000000008002e4c       0x4a /home/praveen/stm//rtos/libwwg/libwwg.a(usbcdc.o)
                0x0000000008002e4c                usb_gets
 *fill*         0x0000000008002e96        0x2 
 .text.usb_getline
                0x0000000008002e98       0x10 /home/praveen/stm//rtos/libwwg/libwwg.a(usbcdc.o)
                0x0000000008002e98                usb_getline
 .text.gpio_set_mode
                0x0000000008002ea8       0x5e /home/praveen/stm/libopencm3/lib/libopencm3_stm32f1.a(gpio.o)
                0x0000000008002ea8                gpio_set_mode
 .text.gpio_set
                0x0000000008002f06        0x4 /home/praveen/stm/libopencm3/lib/libopencm3_stm32f1.a(gpio_common_all.o)
                0x0000000008002f06                gpio_set
 .text.gpio_clear
                0x0000000008002f0a        0x6 /home/praveen/stm/libopencm3/lib/libopencm3_stm32f1.a(gpio_common_all.o)
                0x0000000008002f0a                gpio_clear
 .text.rcc_is_osc_ready
                0x0000000008002f10       0x58 /home/praveen/stm/libopencm3/lib/libopencm3_stm32f1.a(rcc.o)
                0x0000000008002f10                rcc_is_osc_ready
 .text.rcc_wait_for_osc_ready
                0x0000000008002f68       0x10 /home/praveen/stm/libopencm3/lib/libopencm3_stm32f1.a(rcc.o)
                0x0000000008002f68                rcc_wait_for_osc_ready
 .text.rcc_osc_on
                0x0000000008002f78       0x60 /home/praveen/stm/libopencm3/lib/libopencm3_stm32f1.a(rcc.o)
                0x0000000008002f78                rcc_osc_on
 .text.rcc_set_sysclk_source
                0x0000000008002fd8       0x14 /home/praveen/stm/libopencm3/lib/libopencm3_stm32f1.a(rcc.o)
                0x0000000008002fd8                rcc_set_sysclk_source
 .text.rcc_set_pll_multiplication_factor
                0x0000000008002fec       0x14 /home/praveen/stm/libopencm3/lib/libopencm3_stm32f1.a(rcc.o)
                0x0000000008002fec                rcc_set_pll_multiplication_factor
 .text.rcc_set_pll2_multiplication_factor
                0x0000000008003000       0x14 /home/praveen/stm/libopencm3/lib/libopencm3_stm32f1.a(rcc.o)
                0x0000000008003000                rcc_set_pll2_multiplication_factor
 .text.rcc_set_pll3_multiplication_factor
                0x0000000008003014       0x14 /home/praveen/stm/libopencm3/lib/libopencm3_stm32f1.a(rcc.o)
                0x0000000008003014                rcc_set_pll3_multiplication_factor
 .text.rcc_set_pll_source
                0x0000000008003028       0x14 /home/praveen/stm/libopencm3/lib/libopencm3_stm32f1.a(rcc.o)
                0x0000000008003028                rcc_set_pll_source
 .text.rcc_set_pllxtpre
                0x000000000800303c       0x14 /home/praveen/stm/libopencm3/lib/libopencm3_stm32f1.a(rcc.o)
                0x000000000800303c                rcc_set_pllxtpre
 .text.rcc_set_adcpre
                0x0000000008003050       0x14 /home/praveen/stm/libopencm3/lib/libopencm3_stm32f1.a(rcc.o)
                0x0000000008003050                rcc_set_adcpre
 .text.rcc_set_ppre2
                0x0000000008003064       0x14 /home/praveen/stm/libopencm3/lib/libopencm3_stm32f1.a(rcc.o)
                0x0000000008003064                rcc_set_ppre2
 .text.rcc_set_ppre1
                0x0000000008003078       0x14 /home/praveen/stm/libopencm3/lib/libopencm3_stm32f1.a(rcc.o)
                0x0000000008003078                rcc_set_ppre1
 .text.rcc_set_hpre
                0x000000000800308c       0x14 /home/praveen/stm/libopencm3/lib/libopencm3_stm32f1.a(rcc.o)
                0x000000000800308c                rcc_set_hpre
 .text.rcc_set_usbpre
                0x00000000080030a0       0x18 /home/praveen/stm/libopencm3/lib/libopencm3_stm32f1.a(rcc.o)
                0x00000000080030a0                rcc_set_usbpre
 .text.rcc_set_prediv1
                0x00000000080030b8       0x14 /home/praveen/stm/libopencm3/lib/libopencm3_stm32f1.a(rcc.o)
                0x00000000080030b8                rcc_set_prediv1
 .text.rcc_set_prediv2
                0x00000000080030cc       0x14 /home/praveen/stm/libopencm3/lib/libopencm3_stm32f1.a(rcc.o)
                0x00000000080030cc                rcc_set_prediv2
 .text.rcc_set_prediv1_source
                0x00000000080030e0       0x18 /home/praveen/stm/libopencm3/lib/libopencm3_stm32f1.a(rcc.o)
                0x00000000080030e0                rcc_set_prediv1_source
 .text.rcc_clock_setup_pll
                0x00000000080030f8       0xbc /home/praveen/stm/libopencm3/lib/libopencm3_stm32f1.a(rcc.o)
                0x00000000080030f8                rcc_clock_setup_pll
 .text.rcc_get_usart_clk_freq
                0x00000000080031b4       0x1c /home/praveen/stm/libopencm3/lib/libopencm3_stm32f1.a(rcc.o)
                0x00000000080031b4                rcc_get_usart_clk_freq
 .text.rcc_periph_clock_enable
                0x00000000080031d0       0x1c /home/praveen/stm/libopencm3/lib/libopencm3_stm32f1.a(rcc_common_all.o)
                0x00000000080031d0                rcc_periph_clock_enable
 .text.rcc_periph_reset_pulse
                0x00000000080031ec       0x24 /home/praveen/stm/libopencm3/lib/libopencm3_stm32f1.a(rcc_common_all.o)
                0x00000000080031ec                rcc_periph_reset_pulse
 .text.spi_enable
                0x0000000008003210        0xa /home/praveen/stm/libopencm3/lib/libopencm3_stm32f1.a(spi_common_all.o)
                0x0000000008003210                spi_enable
 .text.spi_disable
                0x000000000800321a        0xa /home/praveen/stm/libopencm3/lib/libopencm3_stm32f1.a(spi_common_all.o)
                0x000000000800321a                spi_disable
 .text.spi_xfer
                0x0000000008003224        0xe /home/praveen/stm/libopencm3/lib/libopencm3_stm32f1.a(spi_common_all.o)
                0x0000000008003224                spi_xfer
 .text.spi_disable_software_slave_management
                0x0000000008003232        0xa /home/praveen/stm/libopencm3/lib/libopencm3_stm32f1.a(spi_common_all.o)
                0x0000000008003232                spi_disable_software_slave_management
 .text.spi_enable_ss_output
                0x000000000800323c        0xa /home/praveen/stm/libopencm3/lib/libopencm3_stm32f1.a(spi_common_all.o)
                0x000000000800323c                spi_enable_ss_output
 .text.spi_init_master
                0x0000000008003246       0x28 /home/praveen/stm/libopencm3/lib/libopencm3_stm32f1.a(spi_common_v1.o)
                0x0000000008003246                spi_init_master
 .text.usart_set_baudrate
                0x000000000800326e       0x16 /home/praveen/stm/libopencm3/lib/libopencm3_stm32f1.a(usart_common_all.o)
                0x000000000800326e                usart_set_baudrate
 .text.usart_set_databits
                0x0000000008003284       0x12 /home/praveen/stm/libopencm3/lib/libopencm3_stm32f1.a(usart_common_all.o)
                0x0000000008003284                usart_set_databits
 .text.usart_set_stopbits
                0x0000000008003296        0xc /home/praveen/stm/libopencm3/lib/libopencm3_stm32f1.a(usart_common_all.o)
                0x0000000008003296                usart_set_stopbits
 .text.usart_set_parity
                0x00000000080032a2        0xc /home/praveen/stm/libopencm3/lib/libopencm3_stm32f1.a(usart_common_all.o)
                0x00000000080032a2                usart_set_parity
 .text.usart_set_mode
                0x00000000080032ae        0xc /home/praveen/stm/libopencm3/lib/libopencm3_stm32f1.a(usart_common_all.o)
                0x00000000080032ae                usart_set_mode
 .text.usart_set_flow_control
                0x00000000080032ba        0xc /home/praveen/stm/libopencm3/lib/libopencm3_stm32f1.a(usart_common_all.o)
                0x00000000080032ba                usart_set_flow_control
 .text.usart_enable
                0x00000000080032c6        0xa /home/praveen/stm/libopencm3/lib/libopencm3_stm32f1.a(usart_common_all.o)
                0x00000000080032c6                usart_enable
 .text.usart_send_blocking
                0x00000000080032d0       0x16 /home/praveen/stm/libopencm3/lib/libopencm3_stm32f1.a(usart_common_all.o)
                0x00000000080032d0                usart_send_blocking
 .text.usart_enable_rx_interrupt
                0x00000000080032e6        0xa /home/praveen/stm/libopencm3/lib/libopencm3_stm32f1.a(usart_common_all.o)
                0x00000000080032e6                usart_enable_rx_interrupt
 .text.usart_disable_rx_interrupt
                0x00000000080032f0        0xa /home/praveen/stm/libopencm3/lib/libopencm3_stm32f1.a(usart_common_all.o)
                0x00000000080032f0                usart_disable_rx_interrupt
 .text.usart_send
                0x00000000080032fa        0x8 /home/praveen/stm/libopencm3/lib/libopencm3_stm32f1.a(usart_common_f124.o)
                0x00000000080032fa                usart_send
 .text.usart_wait_send_ready
                0x0000000008003302        0x8 /home/praveen/stm/libopencm3/lib/libopencm3_stm32f1.a(usart_common_f124.o)
                0x0000000008003302                usart_wait_send_ready
 .text.blocking_handler
                0x000000000800330a        0x2 /home/praveen/stm/libopencm3/lib/libopencm3_stm32f1.a(vector.o)
                0x000000000800330a                rtc_isr
                0x000000000800330a                tim7_isr
                0x000000000800330a                adc1_2_isr
                0x000000000800330a                tim1_trg_com_isr
                0x000000000800330a                usb_hp_can_tx_isr
                0x000000000800330a                tim6_isr
                0x000000000800330a                usb_wakeup_isr
                0x000000000800330a                blocking_handler
                0x000000000800330a                tim5_isr
                0x000000000800330a                otg_fs_isr
                0x000000000800330a                spi1_isr
                0x000000000800330a                exti2_isr
                0x000000000800330a                dma1_channel6_isr
                0x000000000800330a                can_rx1_isr
                0x000000000800330a                dma1_channel5_isr
                0x000000000800330a                dma2_channel5_isr
                0x000000000800330a                usage_fault_handler
                0x000000000800330a                tim8_trg_com_isr
                0x000000000800330a                can2_rx0_isr
                0x000000000800330a                tim1_brk_isr
                0x000000000800330a                can2_rx1_isr
                0x000000000800330a                tim1_cc_isr
                0x000000000800330a                sdio_isr
                0x000000000800330a                eth_isr
                0x000000000800330a                dma1_channel4_isr
                0x000000000800330a                tim8_brk_isr
                0x000000000800330a                dma2_channel4_5_isr
                0x000000000800330a                pvd_isr
                0x000000000800330a                rcc_isr
                0x000000000800330a                flash_isr
                0x000000000800330a                uart4_isr
                0x000000000800330a                rtc_alarm_isr
                0x000000000800330a                exti15_10_isr
                0x000000000800330a                hard_fault_handler
                0x000000000800330a                exti1_isr
                0x000000000800330a                i2c1_ev_isr
                0x000000000800330a                dma2_channel1_isr
                0x000000000800330a                spi2_isr
                0x000000000800330a                tim8_up_isr
                0x000000000800330a                dma2_channel2_isr
                0x000000000800330a                exti3_isr
                0x000000000800330a                adc3_isr
                0x000000000800330a                tim3_isr
                0x000000000800330a                usb_lp_can_rx0_isr
                0x000000000800330a                i2c2_er_isr
                0x000000000800330a                i2c2_ev_isr
                0x000000000800330a                uart5_isr
                0x000000000800330a                fsmc_isr
                0x000000000800330a                dma1_channel1_isr
                0x000000000800330a                exti4_isr
                0x000000000800330a                mem_manage_handler
                0x000000000800330a                can2_tx_isr
                0x000000000800330a                exti9_5_isr
                0x000000000800330a                dma2_channel3_isr
                0x000000000800330a                dma1_channel7_isr
                0x000000000800330a                tim1_up_isr
                0x000000000800330a                can2_sce_isr
                0x000000000800330a                tim4_isr
                0x000000000800330a                dma1_channel2_isr
                0x000000000800330a                i2c1_er_isr
                0x000000000800330a                can_sce_isr
                0x000000000800330a                tim8_cc_isr
                0x000000000800330a                tamper_isr
                0x000000000800330a                eth_wkup_isr
                0x000000000800330a                bus_fault_handler
                0x000000000800330a                wwdg_isr
                0x000000000800330a                dma1_channel3_isr
                0x000000000800330a                spi3_isr
                0x000000000800330a                tim2_isr
                0x000000000800330a                exti0_isr
 .text.null_handler
                0x000000000800330c        0x2 /home/praveen/stm/libopencm3/lib/libopencm3_stm32f1.a(vector.o)
                0x000000000800330c                null_handler
                0x000000000800330c                debug_monitor_handler
                0x000000000800330c                nmi_handler
 *fill*         0x000000000800330e        0x2 
 .text.reset_handler
                0x0000000008003310       0x94 /home/praveen/stm/libopencm3/lib/libopencm3_stm32f1.a(vector.o)
                0x0000000008003310                reset_handler
 .text.nvic_enable_irq
                0x00000000080033a4       0x1a /home/praveen/stm/libopencm3/lib/libopencm3_stm32f1.a(nvic.o)
                0x00000000080033a4                nvic_enable_irq
 *fill*         0x00000000080033be        0x2 
 .text.flash_set_ws
                0x00000000080033c0       0x14 /home/praveen/stm/libopencm3/lib/libopencm3_stm32f1.a(flash_common_all.o)
                0x00000000080033c0                flash_set_ws
 .text.memmove  0x00000000080033d4       0xf8 /opt/gcc-arm/bin/../lib/gcc/arm-none-eabi/10.3.1/../../../../arm-none-eabi/lib/thumb/v7-m/nofp/libc.a(lib_a-memmove.o)
                0x00000000080033d4                memmove
 .text.memset   0x00000000080034cc       0xa4 /opt/gcc-arm/bin/../lib/gcc/arm-none-eabi/10.3.1/../../../../arm-none-eabi/lib/thumb/v7-m/nofp/libc.a(lib_a-memset.o)
                0x00000000080034cc                memset
 .text.strlen   0x0000000008003570       0x5c /opt/gcc-arm/bin/../lib/gcc/arm-none-eabi/10.3.1/../../../../arm-none-eabi/lib/thumb/v7-m/nofp/libc.a(lib_a-strlen-stub.o)
                0x0000000008003570                strlen
 .text.strncpy  0x00000000080035cc       0x68 /opt/gcc-arm/bin/../lib/gcc/arm-none-eabi/10.3.1/../../../../arm-none-eabi/lib/thumb/v7-m/nofp/libc.a(lib_a-strncpy.o)
                0x00000000080035cc                strncpy
 .text._strtoul_l.constprop.0
                0x0000000008003634      0x13c /opt/gcc-arm/bin/../lib/gcc/arm-none-eabi/10.3.1/../../../../arm-none-eabi/lib/thumb/v7-m/nofp/libc.a(lib_a-strtoul.o)
 .text.strtoul  0x0000000008003770       0x1c /opt/gcc-arm/bin/../lib/gcc/arm-none-eabi/10.3.1/../../../../arm-none-eabi/lib/thumb/v7-m/nofp/libc.a(lib_a-strtoul.o)
                0x0000000008003770                strtoul
                0x000000000800378c                . = ALIGN (0x4)
 *(.rodata*)
 .rodata.w25_write_data.constprop.0.str1.1
                0x000000000800378c       0x11 main.o
 .rodata.w25_erase_block.constprop.0.str1.1
                0x000000000800379d       0x5f main.o
 .rodata.flash_status.str1.1
                0x00000000080037fc       0x3b main.o
 .rodata.load_ihex.constprop.0.str1.1
                0x0000000008003837       0x5d main.o
 .rodata.monitor_task.str1.1
                0x0000000008003894      0x398 main.o
                                        0x3b6 (size before relaxing)
 .rodata.main.str1.1
                0x0000000008003c2c        0xf main.o
 .rodata.str1.1
                0x0000000008003c3b       0x15 main.o
 .rodata.cap    0x0000000008003c50        0xc main.o
 .rodata.uarts  0x0000000008003c5c       0x3c uartlib.o
 .rodata.vTaskStartScheduler.str1.1
                0x0000000008003c98        0x5 rtos/tasks.o
 *fill*         0x0000000008003c9d        0x3 
 .rodata._ctype_
                0x0000000008003ca0      0x101 /opt/gcc-arm/bin/../lib/gcc/arm-none-eabi/10.3.1/../../../../arm-none-eabi/lib/thumb/v7-m/nofp/libc.a(lib_a-ctype_.o)
                0x0000000008003ca0                _ctype_
 .rodata.internal_vprintf.str1.1
                0x0000000008003da1        0x3 /home/praveen/stm//rtos/libwwg/libwwg.a(miniprintf.o)
 .rodata.dev_uart1
                0x0000000008003da4       0x20 /home/praveen/stm//rtos/libwwg/libwwg.a(mcuio.o)
 .rodata.dev_usb
                0x0000000008003dc4       0x20 /home/praveen/stm//rtos/libwwg/libwwg.a(mcuio.o)
 .rodata.cr.0   0x0000000008003de4        0x1 /home/praveen/stm//rtos/libwwg/libwwg.a(usbcdc.o)
 *fill*         0x0000000008003de5        0x3 
 .rodata.rcc_hse_configs
                0x0000000008003de8       0x8c /home/praveen/stm/libopencm3/lib/libopencm3_stm32f1.a(rcc.o)
                0x0000000008003de8                rcc_hse_configs
                0x0000000008003e74                . = ALIGN (0x4)

.glue_7         0x0000000008003e74        0x0
 .glue_7        0x0000000008003e74        0x0 linker stubs

.glue_7t        0x0000000008003e74        0x0
 .glue_7t       0x0000000008003e74        0x0 linker stubs

.vfp11_veneer   0x0000000008003e74        0x0
 .vfp11_veneer  0x0000000008003e74        0x0 linker stubs

.v4_bx          0x0000000008003e74        0x0
 .v4_bx         0x0000000008003e74        0x0 linker stubs

.iplt           0x0000000008003e74        0x0
 .iplt          0x0000000008003e74        0x0 main.o

.rel.dyn        0x0000000008003e74        0x0
 .rel.iplt      0x0000000008003e74        0x0 main.o

.preinit_array  0x0000000008003e74        0x0
                0x0000000008003e74                . = ALIGN (0x4)
                0x0000000008003e74                __preinit_array_start = .
 *(.preinit_array)
                0x0000000008003e74                __preinit_array_end = .

.init_array     0x0000000008003e74        0x0
                0x0000000008003e74                . = ALIGN (0x4)
                0x0000000008003e74                __init_array_start = .
 *(SORT_BY_NAME(.init_array.*))
 *(.init_array)
                0x0000000008003e74                __init_array_end = .

.fini_array     0x0000000008003e74        0x0
                0x0000000008003e74                . = ALIGN (0x4)
                0x0000000008003e74                __fini_array_start = .
 *(.fini_array)
 *(SORT_BY_NAME(.fini_array.*))
                0x0000000008003e74                __fini_array_end = .

.ARM.extab
 *(.ARM.extab*)

.ARM.exidx      0x0000000008003e74        0x0
                0x0000000008003e74                __exidx_start = .
 *(.ARM.exidx*)
                0x0000000008003e74                __exidx_end = .
                0x0000000008003e74                . = ALIGN (0x4)
                0x0000000008003e74                _etext = .

.data           0x0000000020000000      0x854 load address 0x0000000008003e74
                0x0000000020000000                _data = .
 *(.data*)
 .data.uxCriticalNesting
                0x0000000020000000        0x4 rtos/port.o
 .data.__malloc_av_
                0x0000000020000004      0x408 /opt/gcc-arm/bin/../lib/gcc/arm-none-eabi/10.3.1/../../../../arm-none-eabi/lib/thumb/v7-m/nofp/libc.a(lib_a-mallocr.o)
                0x0000000020000004                __malloc_av_
 .data.__malloc_sbrk_base
                0x000000002000040c        0x4 /opt/gcc-arm/bin/../lib/gcc/arm-none-eabi/10.3.1/../../../../arm-none-eabi/lib/thumb/v7-m/nofp/libc.a(lib_a-mallocr.o)
                0x000000002000040c                __malloc_sbrk_base
 .data.__malloc_trim_threshold
                0x0000000020000410        0x4 /opt/gcc-arm/bin/../lib/gcc/arm-none-eabi/10.3.1/../../../../arm-none-eabi/lib/thumb/v7-m/nofp/libc.a(lib_a-mallocr.o)
                0x0000000020000410                __malloc_trim_threshold
 .data._impure_ptr
                0x0000000020000414        0x4 /opt/gcc-arm/bin/../lib/gcc/arm-none-eabi/10.3.1/../../../../arm-none-eabi/lib/thumb/v7-m/nofp/libc.a(lib_a-impure.o)
                0x0000000020000414                _impure_ptr
 .data.impure_data
                0x0000000020000418      0x428 /opt/gcc-arm/bin/../lib/gcc/arm-none-eabi/10.3.1/../../../../arm-none-eabi/lib/thumb/v7-m/nofp/libc.a(lib_a-impure.o)
 .data.mcu_stdio
                0x0000000020000840        0x4 /home/praveen/stm//rtos/libwwg/libwwg.a(mcuio.o)
                0x0000000020000840                mcu_stdio
 .data.mcu_uart1
                0x0000000020000844        0x4 /home/praveen/stm//rtos/libwwg/libwwg.a(mcuio.o)
                0x0000000020000844                mcu_uart1
 .data.rcc_ahb_frequency
                0x0000000020000848        0x4 /home/praveen/stm/libopencm3/lib/libopencm3_stm32f1.a(rcc.o)
                0x0000000020000848                rcc_ahb_frequency
 .data.rcc_apb1_frequency
                0x000000002000084c        0x4 /home/praveen/stm/libopencm3/lib/libopencm3_stm32f1.a(rcc.o)
                0x000000002000084c                rcc_apb1_frequency
 .data.rcc_apb2_frequency
                0x0000000020000850        0x4 /home/praveen/stm/libopencm3/lib/libopencm3_stm32f1.a(rcc.o)
                0x0000000020000850                rcc_apb2_frequency
                0x0000000020000854                . = ALIGN (0x4)
                0x0000000020000854                _edata = .
                0x0000000008003e74                _data_loadaddr = LOADADDR (.data)

.igot.plt       0x0000000020000854        0x0 load address 0x00000000080046c8
 .igot.plt      0x0000000020000854        0x0 main.o

.bss            0x0000000020000854     0x4574 load address 0x00000000080046c8
 *(.bss*)
 .bss.uart_data
                0x0000000020000854        0xc uartlib.o
 .bss.pxEnd     0x0000000020000860        0x4 rtos/heap_4.o
 .bss.ucHeap    0x0000000020000864     0x4400 rtos/heap_4.o
 .bss.xBlockAllocatedBit
                0x0000000020004c64        0x4 rtos/heap_4.o
 .bss.xFreeBytesRemaining
                0x0000000020004c68        0x4 rtos/heap_4.o
 .bss.xMinimumEverFreeBytesRemaining
                0x0000000020004c6c        0x4 rtos/heap_4.o
 .bss.xStart    0x0000000020004c70        0x8 rtos/heap_4.o
 .bss.pxCurrentTCB
                0x0000000020004c78        0x4 rtos/tasks.o
                0x0000000020004c78                pxCurrentTCB
 .bss.pxDelayedTaskList
                0x0000000020004c7c        0x4 rtos/tasks.o
 .bss.pxOverflowDelayedTaskList
                0x0000000020004c80        0x4 rtos/tasks.o
 .bss.pxReadyTasksLists
                0x0000000020004c84       0x64 rtos/tasks.o
 .bss.uxCurrentNumberOfTasks
                0x0000000020004ce8        0x4 rtos/tasks.o
 .bss.uxDeletedTasksWaitingCleanUp
                0x0000000020004cec        0x4 rtos/tasks.o
 .bss.uxPendedTicks
                0x0000000020004cf0        0x4 rtos/tasks.o
 .bss.uxSchedulerSuspended
                0x0000000020004cf4        0x4 rtos/tasks.o
 .bss.uxTaskNumber
                0x0000000020004cf8        0x4 rtos/tasks.o
 .bss.uxTopReadyPriority
                0x0000000020004cfc        0x4 rtos/tasks.o
 .bss.xDelayedTaskList1
                0x0000000020004d00       0x14 rtos/tasks.o
 .bss.xDelayedTaskList2
                0x0000000020004d14       0x14 rtos/tasks.o
 .bss.xIdleTaskHandle
                0x0000000020004d28        0x4 rtos/tasks.o
 .bss.xNextTaskUnblockTime
                0x0000000020004d2c        0x4 rtos/tasks.o
 .bss.xNumOfOverflows
                0x0000000020004d30        0x4 rtos/tasks.o
 .bss.xPendingReadyList
                0x0000000020004d34       0x14 rtos/tasks.o
 .bss.xSchedulerRunning
                0x0000000020004d48        0x4 rtos/tasks.o
 .bss.xSuspendedTaskList
                0x0000000020004d4c       0x14 rtos/tasks.o
 .bss.xTasksWaitingTermination
                0x0000000020004d60       0x14 rtos/tasks.o
 .bss.xTickCount
                0x0000000020004d74        0x4 rtos/tasks.o
 .bss.xYieldPending
                0x0000000020004d78        0x4 rtos/tasks.o
 .bss.__malloc_current_mallinfo
                0x0000000020004d7c       0x28 /opt/gcc-arm/bin/../lib/gcc/arm-none-eabi/10.3.1/../../../../arm-none-eabi/lib/thumb/v7-m/nofp/libc.a(lib_a-mallocr.o)
                0x0000000020004d7c                __malloc_current_mallinfo
 .bss.__malloc_max_sbrked_mem
                0x0000000020004da4        0x4 /opt/gcc-arm/bin/../lib/gcc/arm-none-eabi/10.3.1/../../../../arm-none-eabi/lib/thumb/v7-m/nofp/libc.a(lib_a-mallocr.o)
                0x0000000020004da4                __malloc_max_sbrked_mem
 .bss.__malloc_max_total_mem
                0x0000000020004da8        0x4 /opt/gcc-arm/bin/../lib/gcc/arm-none-eabi/10.3.1/../../../../arm-none-eabi/lib/thumb/v7-m/nofp/libc.a(lib_a-mallocr.o)
                0x0000000020004da8                __malloc_max_total_mem
 .bss.__malloc_top_pad
                0x0000000020004dac        0x4 /opt/gcc-arm/bin/../lib/gcc/arm-none-eabi/10.3.1/../../../../arm-none-eabi/lib/thumb/v7-m/nofp/libc.a(lib_a-mallocr.o)
                0x0000000020004dac                __malloc_top_pad
 .bss.__lock___malloc_recursive_mutex
                0x0000000020004db0        0x1 /opt/gcc-arm/bin/../lib/gcc/arm-none-eabi/10.3.1/../../../../arm-none-eabi/lib/thumb/v7-m/nofp/libc.a(lib_a-lock.o)
                0x0000000020004db0                __lock___malloc_recursive_mutex
 *fill*         0x0000000020004db1        0x3 
 .bss.errno     0x0000000020004db4        0x4 /opt/gcc-arm/bin/../lib/gcc/arm-none-eabi/10.3.1/../../../../arm-none-eabi/lib/thumb/v7-m/nofp/libc.a(lib_a-reent.o)
                0x0000000020004db4                errno
 .bss.heap_end.0
                0x0000000020004db8        0x4 /opt/gcc-arm/bin/../lib/gcc/arm-none-eabi/10.3.1/../../../../arm-none-eabi/lib/thumb/v7-m/nofp/libnosys.a(sbrk.o)
 .bss.initialized
                0x0000000020004dbc        0x1 /home/praveen/stm//rtos/libwwg/libwwg.a(usbcdc.o)
 *fill*         0x0000000020004dbd        0x3 
 .bss.usb_rxq   0x0000000020004dc0        0x4 /home/praveen/stm//rtos/libwwg/libwwg.a(usbcdc.o)
 .bss.usb_txq   0x0000000020004dc4        0x4 /home/praveen/stm//rtos/libwwg/libwwg.a(usbcdc.o)
 *(COMMON)
                0x0000000020004dc8                . = ALIGN (0x4)
                0x0000000020004dc8                _ebss = .

/DISCARD/
 *(.eh_frame)
                0x0000000020004dc8                . = ALIGN (0x4)
                0x0000000020004dc8                end = .
                0x0000000020005000                PROVIDE (_stack = (ORIGIN (ram) + LENGTH (ram)))
OUTPUT(main.elf elf32-littlearm)
LOAD linker stubs

.debug_info     0x0000000000000000     0xda08
 .debug_info    0x0000000000000000     0x2675 main.o
 .debug_info    0x0000000000002675     0x1407 uartlib.o
 .debug_info    0x0000000000003a7c      0x413 rtos/heap_4.o
 .debug_info    0x0000000000003e8f      0x2ce rtos/list.o
 .debug_info    0x000000000000415d      0x328 rtos/port.o
 .debug_info    0x0000000000004485     0x14b9 rtos/queue.o
 .debug_info    0x000000000000593e     0x216c rtos/tasks.o
 .debug_info    0x0000000000007aaa       0xf7 rtos/opencm3.o
 .debug_info    0x0000000000007ba1      0x92e /home/praveen/stm//rtos/libwwg/libwwg.a(miniprintf.o)
 .debug_info    0x00000000000084cf      0x394 /home/praveen/stm//rtos/libwwg/libwwg.a(mcuio.o)
 .debug_info    0x0000000000008863      0x2c5 /home/praveen/stm//rtos/libwwg/libwwg.a(getline.o)
 .debug_info    0x0000000000008b28      0x3d0 /home/praveen/stm//rtos/libwwg/libwwg.a(intelhex.o)
 .debug_info    0x0000000000008ef8     0x1303 /home/praveen/stm//rtos/libwwg/libwwg.a(usbcdc.o)
 .debug_info    0x000000000000a1fb      0x210 /home/praveen/stm/libopencm3/lib/libopencm3_stm32f1.a(gpio.o)
 .debug_info    0x000000000000a40b      0x266 /home/praveen/stm/libopencm3/lib/libopencm3_stm32f1.a(gpio_common_all.o)
 .debug_info    0x000000000000a671     0x1574 /home/praveen/stm/libopencm3/lib/libopencm3_stm32f1.a(rcc.o)
 .debug_info    0x000000000000bbe5      0x63d /home/praveen/stm/libopencm3/lib/libopencm3_stm32f1.a(rcc_common_all.o)
 .debug_info    0x000000000000c222      0x840 /home/praveen/stm/libopencm3/lib/libopencm3_stm32f1.a(spi_common_all.o)
 .debug_info    0x000000000000ca62      0x15e /home/praveen/stm/libopencm3/lib/libopencm3_stm32f1.a(spi_common_v1.o)
 .debug_info    0x000000000000cbc0      0x686 /home/praveen/stm/libopencm3/lib/libopencm3_stm32f1.a(usart_common_all.o)
 .debug_info    0x000000000000d246      0x19e /home/praveen/stm/libopencm3/lib/libopencm3_stm32f1.a(usart_common_f124.o)
 .debug_info    0x000000000000d3e4      0x2dd /home/praveen/stm/libopencm3/lib/libopencm3_stm32f1.a(vector.o)
 .debug_info    0x000000000000d6c1      0x251 /home/praveen/stm/libopencm3/lib/libopencm3_stm32f1.a(nvic.o)
 .debug_info    0x000000000000d912       0xf6 /home/praveen/stm/libopencm3/lib/libopencm3_stm32f1.a(flash_common_all.o)

.debug_abbrev   0x0000000000000000     0x2cfe
 .debug_abbrev  0x0000000000000000      0x474 main.o
 .debug_abbrev  0x0000000000000474      0x35c uartlib.o
 .debug_abbrev  0x00000000000007d0      0x233 rtos/heap_4.o
 .debug_abbrev  0x0000000000000a03       0xff rtos/list.o
 .debug_abbrev  0x0000000000000b02      0x223 rtos/port.o
 .debug_abbrev  0x0000000000000d25      0x2c6 rtos/queue.o
 .debug_abbrev  0x0000000000000feb      0x421 rtos/tasks.o
 .debug_abbrev  0x000000000000140c       0x67 rtos/opencm3.o
 .debug_abbrev  0x0000000000001473      0x390 /home/praveen/stm//rtos/libwwg/libwwg.a(miniprintf.o)
 .debug_abbrev  0x0000000000001803      0x181 /home/praveen/stm//rtos/libwwg/libwwg.a(mcuio.o)
 .debug_abbrev  0x0000000000001984      0x11a /home/praveen/stm//rtos/libwwg/libwwg.a(getline.o)
 .debug_abbrev  0x0000000000001a9e      0x1b5 /home/praveen/stm//rtos/libwwg/libwwg.a(intelhex.o)
 .debug_abbrev  0x0000000000001c53      0x3ab /home/praveen/stm//rtos/libwwg/libwwg.a(usbcdc.o)
 .debug_abbrev  0x0000000000001ffe       0xd0 /home/praveen/stm/libopencm3/lib/libopencm3_stm32f1.a(gpio.o)
 .debug_abbrev  0x00000000000020ce      0x116 /home/praveen/stm/libopencm3/lib/libopencm3_stm32f1.a(gpio_common_all.o)
 .debug_abbrev  0x00000000000021e4      0x282 /home/praveen/stm/libopencm3/lib/libopencm3_stm32f1.a(rcc.o)
 .debug_abbrev  0x0000000000002466      0x17c /home/praveen/stm/libopencm3/lib/libopencm3_stm32f1.a(rcc_common_all.o)
 .debug_abbrev  0x00000000000025e2      0x197 /home/praveen/stm/libopencm3/lib/libopencm3_stm32f1.a(spi_common_all.o)
 .debug_abbrev  0x0000000000002779       0xd2 /home/praveen/stm/libopencm3/lib/libopencm3_stm32f1.a(spi_common_v1.o)
 .debug_abbrev  0x000000000000284b      0x16d /home/praveen/stm/libopencm3/lib/libopencm3_stm32f1.a(usart_common_all.o)
 .debug_abbrev  0x00000000000029b8       0xb5 /home/praveen/stm/libopencm3/lib/libopencm3_stm32f1.a(usart_common_f124.o)
 .debug_abbrev  0x0000000000002a6d      0x145 /home/praveen/stm/libopencm3/lib/libopencm3_stm32f1.a(vector.o)
 .debug_abbrev  0x0000000000002bb2       0xb5 /home/praveen/stm/libopencm3/lib/libopencm3_stm32f1.a(nvic.o)
 .debug_abbrev  0x0000000000002c67       0x97 /home/praveen/stm/libopencm3/lib/libopencm3_stm32f1.a(flash_common_all.o)

.debug_loc      0x0000000000000000     0x6da3
 .debug_loc     0x0000000000000000     0x10e3 main.o
 .debug_loc     0x00000000000010e3      0xda9 uartlib.o
 .debug_loc     0x0000000000001e8c      0x3a1 rtos/heap_4.o
 .debug_loc     0x000000000000222d       0xaf rtos/list.o
 .debug_loc     0x00000000000022dc       0xbe rtos/port.o
 .debug_loc     0x000000000000239a     0x106a rtos/queue.o
 .debug_loc     0x0000000000003404     0x1745 rtos/tasks.o
 .debug_loc     0x0000000000004b49      0xa2a /home/praveen/stm//rtos/libwwg/libwwg.a(miniprintf.o)
 .debug_loc     0x0000000000005573       0x4f /home/praveen/stm//rtos/libwwg/libwwg.a(mcuio.o)
 .debug_loc     0x00000000000055c2      0x2d5 /home/praveen/stm//rtos/libwwg/libwwg.a(getline.o)
 .debug_loc     0x0000000000005897      0x1ea /home/praveen/stm//rtos/libwwg/libwwg.a(intelhex.o)
 .debug_loc     0x0000000000005a81      0x4ea /home/praveen/stm//rtos/libwwg/libwwg.a(usbcdc.o)
 .debug_loc     0x0000000000005f6b      0x14c /home/praveen/stm/libopencm3/lib/libopencm3_stm32f1.a(gpio.o)
 .debug_loc     0x00000000000060b7       0xbe /home/praveen/stm/libopencm3/lib/libopencm3_stm32f1.a(gpio_common_all.o)
 .debug_loc     0x0000000000006175      0x3d0 /home/praveen/stm/libopencm3/lib/libopencm3_stm32f1.a(rcc.o)
 .debug_loc     0x0000000000006545       0x94 /home/praveen/stm/libopencm3/lib/libopencm3_stm32f1.a(rcc_common_all.o)
 .debug_loc     0x00000000000065d9      0x170 /home/praveen/stm/libopencm3/lib/libopencm3_stm32f1.a(spi_common_all.o)
 .debug_loc     0x0000000000006749       0xff /home/praveen/stm/libopencm3/lib/libopencm3_stm32f1.a(spi_common_v1.o)
 .debug_loc     0x0000000000006848      0x238 /home/praveen/stm/libopencm3/lib/libopencm3_stm32f1.a(usart_common_all.o)
 .debug_loc     0x0000000000006a80       0x99 /home/praveen/stm/libopencm3/lib/libopencm3_stm32f1.a(usart_common_f124.o)
 .debug_loc     0x0000000000006b19      0x128 /home/praveen/stm/libopencm3/lib/libopencm3_stm32f1.a(vector.o)
 .debug_loc     0x0000000000006c41      0x14d /home/praveen/stm/libopencm3/lib/libopencm3_stm32f1.a(nvic.o)
 .debug_loc     0x0000000000006d8e       0x15 /home/praveen/stm/libopencm3/lib/libopencm3_stm32f1.a(flash_common_all.o)

.debug_aranges  0x0000000000000000      0xc48
 .debug_aranges
                0x0000000000000000       0x88 main.o
 .debug_aranges
                0x0000000000000088      0x140 uartlib.o
 .debug_aranges
                0x00000000000001c8       0x48 rtos/heap_4.o
 .debug_aranges
                0x0000000000000210       0x40 rtos/list.o
 .debug_aranges
                0x0000000000000250       0x70 rtos/port.o
 .debug_aranges
                0x00000000000002c0       0xa8 rtos/queue.o
 .debug_aranges
                0x0000000000000368      0x158 rtos/tasks.o
 .debug_aranges
                0x00000000000004c0       0x30 rtos/opencm3.o
 .debug_aranges
                0x00000000000004f0       0x58 /home/praveen/stm//rtos/libwwg/libwwg.a(miniprintf.o)
 .debug_aranges
                0x0000000000000548       0x28 /home/praveen/stm//rtos/libwwg/libwwg.a(mcuio.o)
 .debug_aranges
                0x0000000000000570       0x20 /home/praveen/stm//rtos/libwwg/libwwg.a(getline.o)
 .debug_aranges
                0x0000000000000590       0x30 /home/praveen/stm//rtos/libwwg/libwwg.a(intelhex.o)
 .debug_aranges
                0x00000000000005c0       0x98 /home/praveen/stm//rtos/libwwg/libwwg.a(usbcdc.o)
 .debug_aranges
                0x0000000000000658       0x38 /home/praveen/stm/libopencm3/lib/libopencm3_stm32f1.a(gpio.o)
 .debug_aranges
                0x0000000000000690       0x50 /home/praveen/stm/libopencm3/lib/libopencm3_stm32f1.a(gpio_common_all.o)
 .debug_aranges
                0x00000000000006e0      0x170 /home/praveen/stm/libopencm3/lib/libopencm3_stm32f1.a(rcc.o)
 .debug_aranges
                0x0000000000000850       0x60 /home/praveen/stm/libopencm3/lib/libopencm3_stm32f1.a(rcc_common_all.o)
 .debug_aranges
                0x00000000000008b0      0x170 /home/praveen/stm/libopencm3/lib/libopencm3_stm32f1.a(spi_common_all.o)
 .debug_aranges
                0x0000000000000a20       0x30 /home/praveen/stm/libopencm3/lib/libopencm3_stm32f1.a(spi_common_v1.o)
 .debug_aranges
                0x0000000000000a50       0xf0 /home/praveen/stm/libopencm3/lib/libopencm3_stm32f1.a(usart_common_all.o)
 .debug_aranges
                0x0000000000000b40       0x40 /home/praveen/stm/libopencm3/lib/libopencm3_stm32f1.a(usart_common_f124.o)
 .debug_aranges
                0x0000000000000b80       0x30 /home/praveen/stm/libopencm3/lib/libopencm3_stm32f1.a(vector.o)
 .debug_aranges
                0x0000000000000bb0       0x60 /home/praveen/stm/libopencm3/lib/libopencm3_stm32f1.a(nvic.o)
 .debug_aranges
                0x0000000000000c10       0x38 /home/praveen/stm/libopencm3/lib/libopencm3_stm32f1.a(flash_common_all.o)

.debug_ranges   0x0000000000000000     0x1030
 .debug_ranges  0x0000000000000000      0x158 main.o
 .debug_ranges  0x0000000000000158      0x148 uartlib.o
 .debug_ranges  0x00000000000002a0       0x38 rtos/heap_4.o
 .debug_ranges  0x00000000000002d8       0x30 rtos/list.o
 .debug_ranges  0x0000000000000308       0x78 rtos/port.o
 .debug_ranges  0x0000000000000380      0x208 rtos/queue.o
 .debug_ranges  0x0000000000000588      0x2c0 rtos/tasks.o
 .debug_ranges  0x0000000000000848       0x20 rtos/opencm3.o
 .debug_ranges  0x0000000000000868       0x90 /home/praveen/stm//rtos/libwwg/libwwg.a(miniprintf.o)
 .debug_ranges  0x00000000000008f8       0x18 /home/praveen/stm//rtos/libwwg/libwwg.a(mcuio.o)
 .debug_ranges  0x0000000000000910       0x58 /home/praveen/stm//rtos/libwwg/libwwg.a(getline.o)
 .debug_ranges  0x0000000000000968       0x40 /home/praveen/stm//rtos/libwwg/libwwg.a(intelhex.o)
 .debug_ranges  0x00000000000009a8       0xa0 /home/praveen/stm//rtos/libwwg/libwwg.a(usbcdc.o)
 .debug_ranges  0x0000000000000a48       0x28 /home/praveen/stm/libopencm3/lib/libopencm3_stm32f1.a(gpio.o)
 .debug_ranges  0x0000000000000a70       0x40 /home/praveen/stm/libopencm3/lib/libopencm3_stm32f1.a(gpio_common_all.o)
 .debug_ranges  0x0000000000000ab0      0x208 /home/praveen/stm/libopencm3/lib/libopencm3_stm32f1.a(rcc.o)
 .debug_ranges  0x0000000000000cb8       0x50 /home/praveen/stm/libopencm3/lib/libopencm3_stm32f1.a(rcc_common_all.o)
 .debug_ranges  0x0000000000000d08      0x160 /home/praveen/stm/libopencm3/lib/libopencm3_stm32f1.a(spi_common_all.o)
 .debug_ranges  0x0000000000000e68       0x20 /home/praveen/stm/libopencm3/lib/libopencm3_stm32f1.a(spi_common_v1.o)
 .debug_ranges  0x0000000000000e88       0xe0 /home/praveen/stm/libopencm3/lib/libopencm3_stm32f1.a(usart_common_all.o)
 .debug_ranges  0x0000000000000f68       0x30 /home/praveen/stm/libopencm3/lib/libopencm3_stm32f1.a(usart_common_f124.o)
 .debug_ranges  0x0000000000000f98       0x20 /home/praveen/stm/libopencm3/lib/libopencm3_stm32f1.a(vector.o)
 .debug_ranges  0x0000000000000fb8       0x50 /home/praveen/stm/libopencm3/lib/libopencm3_stm32f1.a(nvic.o)
 .debug_ranges  0x0000000000001008       0x28 /home/praveen/stm/libopencm3/lib/libopencm3_stm32f1.a(flash_common_all.o)

.debug_line     0x0000000000000000     0x8ce1
 .debug_line    0x0000000000000000      0xc7c main.o
 .debug_line    0x0000000000000c7c      0x9e3 uartlib.o
 .debug_line    0x000000000000165f      0x425 rtos/heap_4.o
 .debug_line    0x0000000000001a84      0x255 rtos/list.o
 .debug_line    0x0000000000001cd9      0x2ec rtos/port.o
 .debug_line    0x0000000000001fc5      0xbcc rtos/queue.o
 .debug_line    0x0000000000002b91     0x17ff rtos/tasks.o
 .debug_line    0x0000000000004390       0x6b rtos/opencm3.o
 .debug_line    0x00000000000043fb      0x541 /home/praveen/stm//rtos/libwwg/libwwg.a(miniprintf.o)
 .debug_line    0x000000000000493c      0x111 /home/praveen/stm//rtos/libwwg/libwwg.a(mcuio.o)
 .debug_line    0x0000000000004a4d      0x2e5 /home/praveen/stm//rtos/libwwg/libwwg.a(getline.o)
 .debug_line    0x0000000000004d32      0x2da /home/praveen/stm//rtos/libwwg/libwwg.a(intelhex.o)
 .debug_line    0x000000000000500c      0x63b /home/praveen/stm//rtos/libwwg/libwwg.a(usbcdc.o)
 .debug_line    0x0000000000005647      0x34b /home/praveen/stm/libopencm3/lib/libopencm3_stm32f1.a(gpio.o)
 .debug_line    0x0000000000005992      0x355 /home/praveen/stm/libopencm3/lib/libopencm3_stm32f1.a(gpio_common_all.o)
 .debug_line    0x0000000000005ce7      0xd07 /home/praveen/stm/libopencm3/lib/libopencm3_stm32f1.a(rcc.o)
 .debug_line    0x00000000000069ee      0x3b4 /home/praveen/stm/libopencm3/lib/libopencm3_stm32f1.a(rcc_common_all.o)
 .debug_line    0x0000000000006da2      0x86f /home/praveen/stm/libopencm3/lib/libopencm3_stm32f1.a(spi_common_all.o)
 .debug_line    0x0000000000007611      0x30a /home/praveen/stm/libopencm3/lib/libopencm3_stm32f1.a(spi_common_v1.o)
 .debug_line    0x000000000000791b      0x61f /home/praveen/stm/libopencm3/lib/libopencm3_stm32f1.a(usart_common_all.o)
 .debug_line    0x0000000000007f3a      0x34a /home/praveen/stm/libopencm3/lib/libopencm3_stm32f1.a(usart_common_f124.o)
 .debug_line    0x0000000000008284      0x3e0 /home/praveen/stm/libopencm3/lib/libopencm3_stm32f1.a(vector.o)
 .debug_line    0x0000000000008664      0x377 /home/praveen/stm/libopencm3/lib/libopencm3_stm32f1.a(nvic.o)
 .debug_line    0x00000000000089db      0x306 /home/praveen/stm/libopencm3/lib/libopencm3_stm32f1.a(flash_common_all.o)

.debug_str      0x0000000000000000    0x128eb
 .debug_str     0x0000000000000000      0x995 main.o
                                        0xb16 (size before relaxing)
 .debug_str     0x0000000000000995      0x36c uartlib.o
                                        0x884 (size before relaxing)
 .debug_str     0x0000000000000d01      0x1f2 rtos/heap_4.o
                                        0x35b (size before relaxing)
 .debug_str     0x0000000000000ef3      0x12a rtos/list.o
                                        0x2b6 (size before relaxing)
 .debug_str     0x000000000000101d      0x183 rtos/port.o
                                        0x310 (size before relaxing)
 .debug_str     0x00000000000011a0      0x4ca rtos/queue.o
                                        0x7d8 (size before relaxing)
 .debug_str     0x000000000000166a      0x853 rtos/tasks.o
                                        0xdba (size before relaxing)
 .debug_str     0x0000000000001ebd       0x40 rtos/opencm3.o
                                        0x1ce (size before relaxing)
 .debug_str     0x0000000000001efd      0x107 /home/praveen/stm//rtos/libwwg/libwwg.a(miniprintf.o)
                                        0x2c4 (size before relaxing)
 .debug_str     0x0000000000002004       0x55 /home/praveen/stm//rtos/libwwg/libwwg.a(mcuio.o)
                                        0x269 (size before relaxing)
 .debug_str     0x0000000000002059       0x1e /home/praveen/stm//rtos/libwwg/libwwg.a(getline.o)
                                        0x187 (size before relaxing)
 .debug_str     0x0000000000002077       0x33 /home/praveen/stm//rtos/libwwg/libwwg.a(intelhex.o)
                                        0x22e (size before relaxing)
 .debug_str     0x00000000000020aa      0x693 /home/praveen/stm//rtos/libwwg/libwwg.a(usbcdc.o)
                                        0xc7d (size before relaxing)
 .debug_str     0x000000000000273d     0x837a /home/praveen/stm/libopencm3/lib/libopencm3_stm32f1.a(gpio.o)
                                       0x852e (size before relaxing)
 .debug_str     0x000000000000aab7       0x6c /home/praveen/stm/libopencm3/lib/libopencm3_stm32f1.a(gpio_common_all.o)
                                       0x8522 (size before relaxing)
 .debug_str     0x000000000000ab23     0x334e /home/praveen/stm/libopencm3/lib/libopencm3_stm32f1.a(rcc.o)
                                       0x8183 (size before relaxing)
 .debug_str     0x000000000000de71      0x186 /home/praveen/stm/libopencm3/lib/libopencm3_stm32f1.a(rcc_common_all.o)
                                       0x7891 (size before relaxing)
 .debug_str     0x000000000000dff7     0x115d /home/praveen/stm/libopencm3/lib/libopencm3_stm32f1.a(spi_common_all.o)
                                       0x8441 (size before relaxing)
 .debug_str     0x000000000000f154       0x50 /home/praveen/stm/libopencm3/lib/libopencm3_stm32f1.a(spi_common_v1.o)
                                       0x805e (size before relaxing)
 .debug_str     0x000000000000f1a4     0x1169 /home/praveen/stm/libopencm3/lib/libopencm3_stm32f1.a(usart_common_all.o)
                                       0x84da (size before relaxing)
 .debug_str     0x000000000001030d       0x2d /home/praveen/stm/libopencm3/lib/libopencm3_stm32f1.a(usart_common_f124.o)
                                       0x8246 (size before relaxing)
 .debug_str     0x000000000001033a     0x2489 /home/praveen/stm/libopencm3/lib/libopencm3_stm32f1.a(vector.o)
                                       0x6568 (size before relaxing)
 .debug_str     0x00000000000127c3       0xc4 /home/praveen/stm/libopencm3/lib/libopencm3_stm32f1.a(nvic.o)
                                       0x5b4a (size before relaxing)
 .debug_str     0x0000000000012887       0x64 /home/praveen/stm/libopencm3/lib/libopencm3_stm32f1.a(flash_common_all.o)
                                       0x5467 (size before relaxing)

.comment        0x0000000000000000       0x49
 .comment       0x0000000000000000       0x49 main.o
                                         0x4a (size before relaxing)
 .comment       0x0000000000000049       0x4a uartlib.o
 .comment       0x0000000000000049       0x4a rtos/heap_4.o
 .comment       0x0000000000000049       0x4a rtos/list.o
 .comment       0x0000000000000049       0x4a rtos/port.o
 .comment       0x0000000000000049       0x4a rtos/queue.o
 .comment       0x0000000000000049       0x4a rtos/tasks.o
 .comment       0x0000000000000049       0x4a rtos/opencm3.o
 .comment       0x0000000000000049       0x4a /home/praveen/stm//rtos/libwwg/libwwg.a(miniprintf.o)
 .comment       0x0000000000000049       0x4a /home/praveen/stm//rtos/libwwg/libwwg.a(mcuio.o)
 .comment       0x0000000000000049       0x4a /home/praveen/stm//rtos/libwwg/libwwg.a(getline.o)
 .comment       0x0000000000000049       0x4a /home/praveen/stm//rtos/libwwg/libwwg.a(intelhex.o)
 .comment       0x0000000000000049       0x4a /home/praveen/stm//rtos/libwwg/libwwg.a(usbcdc.o)
 .comment       0x0000000000000049       0x4a /home/praveen/stm/libopencm3/lib/libopencm3_stm32f1.a(gpio.o)
 .comment       0x0000000000000049       0x4a /home/praveen/stm/libopencm3/lib/libopencm3_stm32f1.a(gpio_common_all.o)
 .comment       0x0000000000000049       0x4a /home/praveen/stm/libopencm3/lib/libopencm3_stm32f1.a(rcc.o)
 .comment       0x0000000000000049       0x4a /home/praveen/stm/libopencm3/lib/libopencm3_stm32f1.a(rcc_common_all.o)
 .comment       0x0000000000000049       0x4a /home/praveen/stm/libopencm3/lib/libopencm3_stm32f1.a(spi_common_all.o)
 .comment       0x0000000000000049       0x4a /home/praveen/stm/libopencm3/lib/libopencm3_stm32f1.a(spi_common_v1.o)
 .comment       0x0000000000000049       0x4a /home/praveen/stm/libopencm3/lib/libopencm3_stm32f1.a(usart_common_all.o)
 .comment       0x0000000000000049       0x4a /home/praveen/stm/libopencm3/lib/libopencm3_stm32f1.a(usart_common_f124.o)
 .comment       0x0000000000000049       0x4a /home/praveen/stm/libopencm3/lib/libopencm3_stm32f1.a(vector.o)
 .comment       0x0000000000000049       0x4a /home/praveen/stm/libopencm3/lib/libopencm3_stm32f1.a(nvic.o)
 .comment       0x0000000000000049       0x4a /home/praveen/stm/libopencm3/lib/libopencm3_stm32f1.a(flash_common_all.o)

.ARM.attributes
                0x0000000000000000       0x2b
 .ARM.attributes
                0x0000000000000000       0x2d main.o
 .ARM.attributes
                0x000000000000002d       0x2d uartlib.o
 .ARM.attributes
                0x000000000000005a       0x2d rtos/heap_4.o
 .ARM.attributes
                0x0000000000000087       0x2d rtos/list.o
 .ARM.attributes
                0x00000000000000b4       0x2d rtos/port.o
 .ARM.attributes
                0x00000000000000e1       0x2d rtos/queue.o
 .ARM.attributes
                0x000000000000010e       0x2d rtos/tasks.o
 .ARM.attributes
                0x000000000000013b       0x2d rtos/opencm3.o
 .ARM.attributes
                0x0000000000000168       0x2d /opt/gcc-arm/bin/../lib/gcc/arm-none-eabi/10.3.1/../../../../arm-none-eabi/lib/thumb/v7-m/nofp/libc.a(lib_a-ctype_.o)
 .ARM.attributes
                0x0000000000000195       0x2d /opt/gcc-arm/bin/../lib/gcc/arm-none-eabi/10.3.1/../../../../arm-none-eabi/lib/thumb/v7-m/nofp/libc.a(lib_a-malloc.o)
 .ARM.attributes
                0x00000000000001c2       0x2d /opt/gcc-arm/bin/../lib/gcc/arm-none-eabi/10.3.1/../../../../arm-none-eabi/lib/thumb/v7-m/nofp/libc.a(lib_a-mallocr.o)
 .ARM.attributes
                0x00000000000001ef       0x1b /opt/gcc-arm/bin/../lib/gcc/arm-none-eabi/10.3.1/../../../../arm-none-eabi/lib/thumb/v7-m/nofp/libc.a(lib_a-memcpy.o)
 .ARM.attributes
                0x000000000000020a       0x2d /opt/gcc-arm/bin/../lib/gcc/arm-none-eabi/10.3.1/../../../../arm-none-eabi/lib/thumb/v7-m/nofp/libc.a(lib_a-mlock.o)
 .ARM.attributes
                0x0000000000000237       0x2d /opt/gcc-arm/bin/../lib/gcc/arm-none-eabi/10.3.1/../../../../arm-none-eabi/lib/thumb/v7-m/nofp/libc.a(lib_a-sbrkr.o)
 .ARM.attributes
                0x0000000000000264       0x2d /opt/gcc-arm/bin/../lib/gcc/arm-none-eabi/10.3.1/../../../../arm-none-eabi/lib/thumb/v7-m/nofp/libc.a(lib_a-strchr.o)
 .ARM.attributes
                0x0000000000000291       0x2d /opt/gcc-arm/bin/../lib/gcc/arm-none-eabi/10.3.1/../../../../arm-none-eabi/lib/thumb/v7-m/nofp/libc.a(lib_a-freer.o)
 .ARM.attributes
                0x00000000000002be       0x2d /opt/gcc-arm/bin/../lib/gcc/arm-none-eabi/10.3.1/../../../../arm-none-eabi/lib/thumb/v7-m/nofp/libc.a(lib_a-impure.o)
 .ARM.attributes
                0x00000000000002eb       0x2d /opt/gcc-arm/bin/../lib/gcc/arm-none-eabi/10.3.1/../../../../arm-none-eabi/lib/thumb/v7-m/nofp/libc.a(lib_a-lock.o)
 .ARM.attributes
                0x0000000000000318       0x2d /opt/gcc-arm/bin/../lib/gcc/arm-none-eabi/10.3.1/../../../../arm-none-eabi/lib/thumb/v7-m/nofp/libc.a(lib_a-reent.o)
 .ARM.attributes
                0x0000000000000345       0x2d /opt/gcc-arm/bin/../lib/gcc/arm-none-eabi/10.3.1/../../../../arm-none-eabi/lib/thumb/v7-m/nofp/libnosys.a(sbrk.o)
 .ARM.attributes
                0x0000000000000372       0x2d /home/praveen/stm//rtos/libwwg/libwwg.a(miniprintf.o)
 .ARM.attributes
                0x000000000000039f       0x2d /home/praveen/stm//rtos/libwwg/libwwg.a(mcuio.o)
 .ARM.attributes
                0x00000000000003cc       0x2d /home/praveen/stm//rtos/libwwg/libwwg.a(getline.o)
 .ARM.attributes
                0x00000000000003f9       0x2d /home/praveen/stm//rtos/libwwg/libwwg.a(intelhex.o)
 .ARM.attributes
                0x0000000000000426       0x2d /home/praveen/stm//rtos/libwwg/libwwg.a(usbcdc.o)
 .ARM.attributes
                0x0000000000000453       0x2d /home/praveen/stm/libopencm3/lib/libopencm3_stm32f1.a(gpio.o)
 .ARM.attributes
                0x0000000000000480       0x2d /home/praveen/stm/libopencm3/lib/libopencm3_stm32f1.a(gpio_common_all.o)
 .ARM.attributes
                0x00000000000004ad       0x2d /home/praveen/stm/libopencm3/lib/libopencm3_stm32f1.a(rcc.o)
 .ARM.attributes
                0x00000000000004da       0x2d /home/praveen/stm/libopencm3/lib/libopencm3_stm32f1.a(rcc_common_all.o)
 .ARM.attributes
                0x0000000000000507       0x2d /home/praveen/stm/libopencm3/lib/libopencm3_stm32f1.a(spi_common_all.o)
 .ARM.attributes
                0x0000000000000534       0x2d /home/praveen/stm/libopencm3/lib/libopencm3_stm32f1.a(spi_common_v1.o)
 .ARM.attributes
                0x0000000000000561       0x2d /home/praveen/stm/libopencm3/lib/libopencm3_stm32f1.a(usart_common_all.o)
 .ARM.attributes
                0x000000000000058e       0x2d /home/praveen/stm/libopencm3/lib/libopencm3_stm32f1.a(usart_common_f124.o)
 .ARM.attributes
                0x00000000000005bb       0x2d /home/praveen/stm/libopencm3/lib/libopencm3_stm32f1.a(vector.o)
 .ARM.attributes
                0x00000000000005e8       0x2d /home/praveen/stm/libopencm3/lib/libopencm3_stm32f1.a(nvic.o)
 .ARM.attributes
                0x0000000000000615       0x2d /home/praveen/stm/libopencm3/lib/libopencm3_stm32f1.a(flash_common_all.o)
 .ARM.attributes
                0x0000000000000642       0x2d /opt/gcc-arm/bin/../lib/gcc/arm-none-eabi/10.3.1/../../../../arm-none-eabi/lib/thumb/v7-m/nofp/libc.a(lib_a-memmove.o)
 .ARM.attributes
                0x000000000000066f       0x2d /opt/gcc-arm/bin/../lib/gcc/arm-none-eabi/10.3.1/../../../../arm-none-eabi/lib/thumb/v7-m/nofp/libc.a(lib_a-memset.o)
 .ARM.attributes
                0x000000000000069c       0x2d /opt/gcc-arm/bin/../lib/gcc/arm-none-eabi/10.3.1/../../../../arm-none-eabi/lib/thumb/v7-m/nofp/libc.a(lib_a-strlen-stub.o)
 .ARM.attributes
                0x00000000000006c9       0x2d /opt/gcc-arm/bin/../lib/gcc/arm-none-eabi/10.3.1/../../../../arm-none-eabi/lib/thumb/v7-m/nofp/libc.a(lib_a-strncpy.o)
 .ARM.attributes
                0x00000000000006f6       0x2d /opt/gcc-arm/bin/../lib/gcc/arm-none-eabi/10.3.1/../../../../arm-none-eabi/lib/thumb/v7-m/nofp/libc.a(lib_a-strtoul.o)

.debug_frame    0x0000000000000000     0x212c
 .debug_frame   0x0000000000000000      0x1b0 main.o
 .debug_frame   0x00000000000001b0      0x3a0 uartlib.o
 .debug_frame   0x0000000000000550       0x98 rtos/heap_4.o
 .debug_frame   0x00000000000005e8       0x6c rtos/list.o
 .debug_frame   0x0000000000000654       0xd0 rtos/port.o
 .debug_frame   0x0000000000000724      0x208 rtos/queue.o
 .debug_frame   0x000000000000092c      0x47c rtos/tasks.o
 .debug_frame   0x0000000000000da8       0x40 rtos/opencm3.o
 .debug_frame   0x0000000000000de8       0x30 /opt/gcc-arm/bin/../lib/gcc/arm-none-eabi/10.3.1/../../../../arm-none-eabi/lib/thumb/v7-m/nofp/libc.a(lib_a-malloc.o)
 .debug_frame   0x0000000000000e18       0x4c /opt/gcc-arm/bin/../lib/gcc/arm-none-eabi/10.3.1/../../../../arm-none-eabi/lib/thumb/v7-m/nofp/libc.a(lib_a-mallocr.o)
 .debug_frame   0x0000000000000e64       0x30 /opt/gcc-arm/bin/../lib/gcc/arm-none-eabi/10.3.1/../../../../arm-none-eabi/lib/thumb/v7-m/nofp/libc.a(lib_a-mlock.o)
 .debug_frame   0x0000000000000e94       0x2c /opt/gcc-arm/bin/../lib/gcc/arm-none-eabi/10.3.1/../../../../arm-none-eabi/lib/thumb/v7-m/nofp/libc.a(lib_a-sbrkr.o)
 .debug_frame   0x0000000000000ec0       0x34 /opt/gcc-arm/bin/../lib/gcc/arm-none-eabi/10.3.1/../../../../arm-none-eabi/lib/thumb/v7-m/nofp/libc.a(lib_a-strchr.o)
 .debug_frame   0x0000000000000ef4       0x8c /opt/gcc-arm/bin/../lib/gcc/arm-none-eabi/10.3.1/../../../../arm-none-eabi/lib/thumb/v7-m/nofp/libc.a(lib_a-freer.o)
 .debug_frame   0x0000000000000f80       0xb0 /opt/gcc-arm/bin/../lib/gcc/arm-none-eabi/10.3.1/../../../../arm-none-eabi/lib/thumb/v7-m/nofp/libc.a(lib_a-lock.o)
 .debug_frame   0x0000000000001030       0x64 /opt/gcc-arm/bin/../lib/gcc/arm-none-eabi/10.3.1/../../../../arm-none-eabi/lib/thumb/v7-m/nofp/libc.a(lib_a-reent.o)
 .debug_frame   0x0000000000001094       0x20 /opt/gcc-arm/bin/../lib/gcc/arm-none-eabi/10.3.1/../../../../arm-none-eabi/lib/thumb/v7-m/nofp/libnosys.a(sbrk.o)
 .debug_frame   0x00000000000010b4      0x110 /home/praveen/stm//rtos/libwwg/libwwg.a(miniprintf.o)
 .debug_frame   0x00000000000011c4       0x6c /home/praveen/stm//rtos/libwwg/libwwg.a(mcuio.o)
 .debug_frame   0x0000000000001230       0x3c /home/praveen/stm//rtos/libwwg/libwwg.a(getline.o)
 .debug_frame   0x000000000000126c       0x6c /home/praveen/stm//rtos/libwwg/libwwg.a(intelhex.o)
 .debug_frame   0x00000000000012d8      0x1b4 /home/praveen/stm//rtos/libwwg/libwwg.a(usbcdc.o)
 .debug_frame   0x000000000000148c       0x60 /home/praveen/stm/libopencm3/lib/libopencm3_stm32f1.a(gpio.o)
 .debug_frame   0x00000000000014ec       0x80 /home/praveen/stm/libopencm3/lib/libopencm3_stm32f1.a(gpio_common_all.o)
 .debug_frame   0x000000000000156c      0x318 /home/praveen/stm/libopencm3/lib/libopencm3_stm32f1.a(rcc.o)
 .debug_frame   0x0000000000001884       0xe0 /home/praveen/stm/libopencm3/lib/libopencm3_stm32f1.a(rcc_common_all.o)
 .debug_frame   0x0000000000001964      0x2c0 /home/praveen/stm/libopencm3/lib/libopencm3_stm32f1.a(spi_common_all.o)
 .debug_frame   0x0000000000001c24       0x4c /home/praveen/stm/libopencm3/lib/libopencm3_stm32f1.a(spi_common_v1.o)
 .debug_frame   0x0000000000001c70      0x1ec /home/praveen/stm/libopencm3/lib/libopencm3_stm32f1.a(usart_common_all.o)
 .debug_frame   0x0000000000001e5c       0x60 /home/praveen/stm/libopencm3/lib/libopencm3_stm32f1.a(usart_common_f124.o)
 .debug_frame   0x0000000000001ebc       0x4c /home/praveen/stm/libopencm3/lib/libopencm3_stm32f1.a(vector.o)
 .debug_frame   0x0000000000001f08       0xa0 /home/praveen/stm/libopencm3/lib/libopencm3_stm32f1.a(nvic.o)
 .debug_frame   0x0000000000001fa8       0x50 /home/praveen/stm/libopencm3/lib/libopencm3_stm32f1.a(flash_common_all.o)
 .debug_frame   0x0000000000001ff8       0x40 /opt/gcc-arm/bin/../lib/gcc/arm-none-eabi/10.3.1/../../../../arm-none-eabi/lib/thumb/v7-m/nofp/libc.a(lib_a-memmove.o)
 .debug_frame   0x0000000000002038       0x2c /opt/gcc-arm/bin/../lib/gcc/arm-none-eabi/10.3.1/../../../../arm-none-eabi/lib/thumb/v7-m/nofp/libc.a(lib_a-memset.o)
 .debug_frame   0x0000000000002064       0x20 /opt/gcc-arm/bin/../lib/gcc/arm-none-eabi/10.3.1/../../../../arm-none-eabi/lib/thumb/v7-m/nofp/libc.a(lib_a-strlen-stub.o)
 .debug_frame   0x0000000000002084       0x2c /opt/gcc-arm/bin/../lib/gcc/arm-none-eabi/10.3.1/../../../../arm-none-eabi/lib/thumb/v7-m/nofp/libc.a(lib_a-strncpy.o)
 .debug_frame   0x00000000000020b0       0x7c /opt/gcc-arm/bin/../lib/gcc/arm-none-eabi/10.3.1/../../../../arm-none-eabi/lib/thumb/v7-m/nofp/libc.a(lib_a-strtoul.o)

.debug_macro    0x0000000000000000     0x4353
 .debug_macro   0x0000000000000000       0xb8 /home/praveen/stm/libopencm3/lib/libopencm3_stm32f1.a(gpio.o)
 .debug_macro   0x00000000000000b8      0xa60 /home/praveen/stm/libopencm3/lib/libopencm3_stm32f1.a(gpio.o)
 .debug_macro   0x0000000000000b18       0x1c /home/praveen/stm/libopencm3/lib/libopencm3_stm32f1.a(gpio.o)
 .debug_macro   0x0000000000000b34       0x22 /home/praveen/stm/libopencm3/lib/libopencm3_stm32f1.a(gpio.o)
 .debug_macro   0x0000000000000b56       0x56 /home/praveen/stm/libopencm3/lib/libopencm3_stm32f1.a(gpio.o)
 .debug_macro   0x0000000000000bac       0x51 /home/praveen/stm/libopencm3/lib/libopencm3_stm32f1.a(gpio.o)
 .debug_macro   0x0000000000000bfd      0x103 /home/praveen/stm/libopencm3/lib/libopencm3_stm32f1.a(gpio.o)
 .debug_macro   0x0000000000000d00       0x6a /home/praveen/stm/libopencm3/lib/libopencm3_stm32f1.a(gpio.o)
 .debug_macro   0x0000000000000d6a      0x1df /home/praveen/stm/libopencm3/lib/libopencm3_stm32f1.a(gpio.o)
 .debug_macro   0x0000000000000f49       0x22 /home/praveen/stm/libopencm3/lib/libopencm3_stm32f1.a(gpio.o)
 .debug_macro   0x0000000000000f6b       0xe8 /home/praveen/stm/libopencm3/lib/libopencm3_stm32f1.a(gpio.o)
 .debug_macro   0x0000000000001053       0x76 /home/praveen/stm/libopencm3/lib/libopencm3_stm32f1.a(gpio.o)
 .debug_macro   0x00000000000010c9      0x1b4 /home/praveen/stm/libopencm3/lib/libopencm3_stm32f1.a(gpio.o)
 .debug_macro   0x000000000000127d       0x76 /home/praveen/stm/libopencm3/lib/libopencm3_stm32f1.a(gpio.o)
 .debug_macro   0x00000000000012f3      0xe2e /home/praveen/stm/libopencm3/lib/libopencm3_stm32f1.a(gpio.o)
 .debug_macro   0x0000000000002121       0xb8 /home/praveen/stm/libopencm3/lib/libopencm3_stm32f1.a(gpio_common_all.o)
 .debug_macro   0x00000000000021d9       0xe7 /home/praveen/stm/libopencm3/lib/libopencm3_stm32f1.a(rcc.o)
 .debug_macro   0x00000000000022c0       0x16 /home/praveen/stm/libopencm3/lib/libopencm3_stm32f1.a(rcc.o)
 .debug_macro   0x00000000000022d6      0x8c6 /home/praveen/stm/libopencm3/lib/libopencm3_stm32f1.a(rcc.o)
 .debug_macro   0x0000000000002b9c       0xee /home/praveen/stm/libopencm3/lib/libopencm3_stm32f1.a(rcc.o)
 .debug_macro   0x0000000000002c8a       0x82 /home/praveen/stm/libopencm3/lib/libopencm3_stm32f1.a(rcc.o)
 .debug_macro   0x0000000000002d0c       0xce /home/praveen/stm/libopencm3/lib/libopencm3_stm32f1.a(rcc_common_all.o)
 .debug_macro   0x0000000000002dda       0xd4 /home/praveen/stm/libopencm3/lib/libopencm3_stm32f1.a(spi_common_all.o)
 .debug_macro   0x0000000000002eae      0x2eb /home/praveen/stm/libopencm3/lib/libopencm3_stm32f1.a(spi_common_all.o)
 .debug_macro   0x0000000000003199       0x16 /home/praveen/stm/libopencm3/lib/libopencm3_stm32f1.a(spi_common_all.o)
 .debug_macro   0x00000000000031af       0xd4 /home/praveen/stm/libopencm3/lib/libopencm3_stm32f1.a(spi_common_v1.o)
 .debug_macro   0x0000000000003283       0xda /home/praveen/stm/libopencm3/lib/libopencm3_stm32f1.a(usart_common_all.o)
 .debug_macro   0x000000000000335d       0x94 /home/praveen/stm/libopencm3/lib/libopencm3_stm32f1.a(usart_common_all.o)
 .debug_macro   0x00000000000033f1      0x29e /home/praveen/stm/libopencm3/lib/libopencm3_stm32f1.a(usart_common_all.o)
 .debug_macro   0x000000000000368f       0xda /home/praveen/stm/libopencm3/lib/libopencm3_stm32f1.a(usart_common_f124.o)
 .debug_macro   0x0000000000003769       0xcf /home/praveen/stm/libopencm3/lib/libopencm3_stm32f1.a(vector.o)
 .debug_macro   0x0000000000003838      0x395 /home/praveen/stm/libopencm3/lib/libopencm3_stm32f1.a(vector.o)
 .debug_macro   0x0000000000003bcd       0x6e /home/praveen/stm/libopencm3/lib/libopencm3_stm32f1.a(vector.o)
 .debug_macro   0x0000000000003c3b      0x1a2 /home/praveen/stm/libopencm3/lib/libopencm3_stm32f1.a(vector.o)
 .debug_macro   0x0000000000003ddd       0xb3 /home/praveen/stm/libopencm3/lib/libopencm3_stm32f1.a(nvic.o)
 .debug_macro   0x0000000000003e90       0x68 /home/praveen/stm/libopencm3/lib/libopencm3_stm32f1.a(nvic.o)
 .debug_macro   0x0000000000003ef8      0x39b /home/praveen/stm/libopencm3/lib/libopencm3_stm32f1.a(nvic.o)
 .debug_macro   0x0000000000004293       0xc0 /home/praveen/stm/libopencm3/lib/libopencm3_stm32f1.a(flash_common_all.o)
